MPLINK 4.31, Linker
Linker Map File - Created Wed Oct 25 21:07:19 2023

                                 Section Info
                  Section       Type    Address   Location Size(Bytes)
                ---------  ---------  ---------  ---------  ---------
                   .org_0       code   0x000000    program   0x000052
                   .cinit    romdata   0x000029    program   0x000004



                              Program Memory Usage 
                               Start         End      
                           ---------   ---------      
                            0x000000    0x00002a      
            43 out of 2183 program addresses used, program memory utilization is 1%



                              Symbols - Sorted by Name
                     Name    Address   Location    Storage File                     
                ---------  ---------  ---------  --------- ---------                
             APAGAR_ORDEN   0x00000e    program     static D:\unla1\arquitectura\tp1\leds\punto4.asm
                 DELAY500   0x00001b    program     static D:\unla1\arquitectura\tp1\leds\punto4.asm
           ENCENDER_ORDEN   0x000006    program     static D:\unla1\arquitectura\tp1\leds\punto4.asm
   ENCENDER_ORDEN_CICLICO   0x000016    program     static D:\unla1\arquitectura\tp1\leds\punto4.asm
                   INICIO   0x000004    program     static D:\unla1\arquitectura\tp1\leds\punto4.asm
                     REG2   0x00001d    program     static D:\unla1\arquitectura\tp1\leds\punto4.asm
                     REG3   0x00001f    program     static D:\unla1\arquitectura\tp1\leds\punto4.asm
                    START   0x000021    program     static D:\unla1\arquitectura\tp1\leds\punto4.asm



                              Symbols - Sorted by Address
                     Name    Address   Location    Storage File                     
                ---------  ---------  ---------  --------- ---------                
                   INICIO   0x000004    program     static D:\unla1\arquitectura\tp1\leds\punto4.asm
           ENCENDER_ORDEN   0x000006    program     static D:\unla1\arquitectura\tp1\leds\punto4.asm
             APAGAR_ORDEN   0x00000e    program     static D:\unla1\arquitectura\tp1\leds\punto4.asm
   ENCENDER_ORDEN_CICLICO   0x000016    program     static D:\unla1\arquitectura\tp1\leds\punto4.asm
                 DELAY500   0x00001b    program     static D:\unla1\arquitectura\tp1\leds\punto4.asm
                     REG2   0x00001d    program     static D:\unla1\arquitectura\tp1\leds\punto4.asm
                     REG3   0x00001f    program     static D:\unla1\arquitectura\tp1\leds\punto4.asm
                    START   0x000021    program     static D:\unla1\arquitectura\tp1\leds\punto4.asm


